// Jest Snapshot v1, https://goo.gl/fbAQLP

exports[`Footer matches snapshot 1`] = `
<div>
  <footer
    class="bg-secondary py-4"
  >
    <hr
      class="border-primary border-t w-1/2 mx-auto mb-4"
    />
    <div
      class="text-center text-white text-sm py-10"
    >
      Submitted for review by Steve Newman, 22nd November 2024
    </div>
  </footer>
</div>
`;
